Block Name							Model	Block	ID
Acceleration 0					:	0		0		0
Acceleration 1					:	0		1		1
Acceleration 2					:	0		2		2
Acceleration 3					:	0		3		3
Acceleration 4					:	0		4		4
Acceleration 5					:	0		5		5
Constant 0						:	0		6		0
Constant 1						:	0		7		1
Constant 2						:	0		8		2
Constant 3						:	0		9		3
Constant 4						:	0		10		4
Constant 5						:	0		11		5
Error 0							:	0		12		0
Error 1							:	0		13		1
Error 2							:	0		14		2
Error 3							:	0		15		3
Error 4							:	0		16		4
Error 5							:	0		17		5
Velocity 0						:	0		18		0
Velocity 1						:	0		19		1
Velocity 2						:	0		20		2
Velocity 3						:	0		21		3
Velocity 4						:	0		22		4
Velocity 5						:	0		23		5
PID 0							:	0		24		0
PID 1							:	0		25		1
PID 2							:	0		26		2
PID 3							:	0		27		3
PID 4							:	0		28		4
PID 5							:	0		29		5
Sum 0							:	0		30		0
Sum 1							:	0		31		1
Sum 2							:	0		32		2
Sum 3							:	0		33		3
Sum 4							:	0		34		4
Sum 5							:	0		35		5
Output 0						:	0		36		0
Output 1						:	0		37		1
Output 2						:	0		38		2
Output 3						:	0		39		3
Output 4						:	0		40		4
Output 5						:	0		41		5
